// Jest Snapshot v1, https://goo.gl/fbAQLP

exports[`Settings Part test Checkbox renders correct without props 1`] = `
<ReactFinalForm
  initialValues={
    Object {
      "metrics_resolutions_slider": 2,
    }
  }
  onSubmit={[Function]}
  render={[Function]}
/>
`;
