// Jest Snapshot v1, https://goo.gl/fbAQLP

exports[`Settings Part test Alert Manager renders correct without props 1`] = `
<form
  onSubmit={[Function]}
>
  <div
    className="css-150snti"
  >
    <div
      className="ant-row css-15a8aul"
      style={Object {}}
    >
      <div
        className="ant-col ant-col-24 css-1ocu2xx"
        style={Object {}}
      >
        <strong>
          Alertmanager URL
        </strong>
        <span>
          <i
            aria-label="icon: question-circle"
            className="anticon anticon-question-circle"
            onMouseEnter={[Function]}
            onMouseLeave={[Function]}
            style={
              Object {
                "marginLeft": "5px",
              }
            }
          >
            <svg
              aria-hidden="true"
              className=""
              data-icon="question-circle"
              fill="currentColor"
              focusable="false"
              height="1em"
              viewBox="64 64 896 896"
              width="1em"
            >
              <path
                d="M512 64C264.6 64 64 264.6 64 512s200.6 448 448 448 448-200.6 448-448S759.4 64 512 64zm0 820c-205.4 0-372-166.6-372-372s166.6-372 372-372 372 166.6 372 372-166.6 372-372 372z"
              />
              <path
                d="M623.6 316.7C593.6 290.4 554 276 512 276s-81.6 14.5-111.6 40.7C369.2 344 352 380.7 352 420v7.6c0 4.4 3.6 8 8 8h48c4.4 0 8-3.6 8-8V420c0-44.1 43.1-80 96-80s96 35.9 96 80c0 31.1-22 59.6-56.1 72.7-21.2 8.1-39.2 22.3-52.1 40.9-13.1 19-19.9 41.8-19.9 64.9V620c0 4.4 3.6 8 8 8h48c4.4 0 8-3.6 8-8v-22.7a48.3 48.3 0 0 1 30.9-44.8c59-22.7 97.1-74.7 97.1-132.5.1-39.3-17.1-76-48.3-103.3zM472 732a40 40 0 1 0 80 0 40 40 0 1 0-80 0z"
              />
            </svg>
          </i>
        </span>
      </div>
    </div>
    <div
      className="ant-row css-16lswv3"
      style={Object {}}
    >
      <div
        className="ant-col ant-col-24"
        style={Object {}}
      >
        <div
          className="input-field-wrapper"
          style={Object {}}
        >
          <input
            className="input-field input-field--dark css-ybrhvy"
            name="alert_manager_url"
            onBlur={[Function]}
            onChange={[Function]}
            onFocus={[Function]}
            placeholder="Enter URL"
            style={Object {}}
            type="text"
            value=""
          />
        </div>
      </div>
    </div>
    <div
      className="ant-row css-16lswv3"
      style={Object {}}
    >
      <div
        className="ant-col ant-col-24"
        style={Object {}}
      />
    </div>
  </div>
  <div
    className="css-150snti"
  >
    <div
      className="ant-row css-15a8aul"
      style={Object {}}
    >
      <div
        className="ant-col ant-col-24 css-1ocu2xx"
        style={Object {}}
      >
        <strong>
          Prometheus Alerting rules
        </strong>
        <span>
          <i
            aria-label="icon: question-circle"
            className="anticon anticon-question-circle"
            onMouseEnter={[Function]}
            onMouseLeave={[Function]}
            style={
              Object {
                "marginLeft": "5px",
              }
            }
          >
            <svg
              aria-hidden="true"
              className=""
              data-icon="question-circle"
              fill="currentColor"
              focusable="false"
              height="1em"
              viewBox="64 64 896 896"
              width="1em"
            >
              <path
                d="M512 64C264.6 64 64 264.6 64 512s200.6 448 448 448 448-200.6 448-448S759.4 64 512 64zm0 820c-205.4 0-372-166.6-372-372s166.6-372 372-372 372 166.6 372 372-166.6 372-372 372z"
              />
              <path
                d="M623.6 316.7C593.6 290.4 554 276 512 276s-81.6 14.5-111.6 40.7C369.2 344 352 380.7 352 420v7.6c0 4.4 3.6 8 8 8h48c4.4 0 8-3.6 8-8V420c0-44.1 43.1-80 96-80s96 35.9 96 80c0 31.1-22 59.6-56.1 72.7-21.2 8.1-39.2 22.3-52.1 40.9-13.1 19-19.9 41.8-19.9 64.9V620c0 4.4 3.6 8 8 8h48c4.4 0 8-3.6 8-8v-22.7a48.3 48.3 0 0 1 30.9-44.8c59-22.7 97.1-74.7 97.1-132.5.1-39.3-17.1-76-48.3-103.3zM472 732a40 40 0 1 0 80 0 40 40 0 1 0-80 0z"
              />
            </svg>
          </i>
        </span>
      </div>
    </div>
    <div
      className="ant-row css-1q0vyna"
      style={Object {}}
    >
      <div
        className="ant-col ant-col-24"
        style={Object {}}
      >
        <div
          className="text-area-field-wrapper"
        >
          <textarea
            className="input-field input-field--textarea input-field--dark css-ybrhvy"
            name="alert_manager_rules"
            onBlur={[Function]}
            onChange={[Function]}
            onFocus={[Function]}
            placeholder="Alerting rules"
            rows={5}
            value=""
          />
        </div>
      </div>
    </div>
    <div
      className="ant-row css-1q0vyna"
      style={Object {}}
    >
      <div
        className="ant-col ant-col-24"
        style={Object {}}
      />
    </div>
  </div>
  <button
    className="ant-btn instance-id-submit-button ant-btn-primary"
    disabled={false}
    onClick={[Function]}
    type="submit"
  >
    <span>
      Apply Alertmanager settings
    </span>
  </button>
</form>
`;
