// Jest Snapshot v1, https://goo.gl/fbAQLP

exports[`Checkbox field test Checkbox renders correct without props 1`] = `null`;
