// Jest Snapshot v1, https://goo.gl/fbAQLP

exports[`OverflowTooltip test OverflowTooltip renders correctly with children 1`] = `
<span
  title=""
>
  Test label
</span>
`;
