// Jest Snapshot v1, https://goo.gl/fbAQLP

exports[`Settings Part test Alert Manager renders correct without props 1`] = `
<form
  onSubmit={[Function]}
>
  <div
    className="ant-row"
    style={
      Object {
        "alignItems": "center",
        "color": "white",
        "display": "flex",
        "marginBottom": "10px",
      }
    }
  >
    <div
      className="ant-col ant-col-3"
      style={
        Object {
          "display": "flex",
          "justifyContent": "flex-end",
          "paddingRight": "20px",
        }
      }
    >
      <span>
        AlertManager IP
      </span>
      <span>
        
      </span>
    </div>
    <div
      className="ant-col ant-col-8"
      style={Object {}}
    >
      <div
        className="input-field-wrapper"
        style={Object {}}
      >
        <input
          className="input-field input-field--dark"
          name="alert_manager_ip"
          onBlur={[Function]}
          onChange={[Function]}
          onFocus={[Function]}
          placeholder="Enter IP"
          style={
            Object {
              "width": "100%",
            }
          }
          type="text"
          value=""
        />
      </div>
    </div>
  </div>
  <div
    className="ant-row"
    style={
      Object {
        "alignItems": "flex-start",
        "color": "white",
        "display": "flex",
        "marginBottom": "10px",
      }
    }
  >
    <div
      className="ant-col ant-col-3"
      style={
        Object {
          "display": "flex",
          "justifyContent": "flex-end",
          "paddingRight": "20px",
        }
      }
    >
      <span>
        AlertManager rules
      </span>
      <span>
        
      </span>
    </div>
    <div
      className="ant-col ant-col-8"
      style={Object {}}
    >
      <div
        className="text-area-field-wrapper"
      >
        <textarea
          className="input-field input-field--textarea input-field--dark"
          name="alert_manager_rules"
          onBlur={[Function]}
          onChange={[Function]}
          onFocus={[Function]}
          placeholder="Alert manager rule"
          rows={5}
          style={
            Object {
              "width": "100%",
            }
          }
          value=""
        />
      </div>
    </div>
  </div>
  <button
    className="ant-btn instance-id-submit-button ant-btn-primary"
    disabled={false}
    onClick={[Function]}
    type="submit"
  >
    <span>
      Apply AlertManager settings
    </span>
  </button>
</form>
`;
