// Jest Snapshot v1, https://goo.gl/fbAQLP

exports[`Settings Part test Checkbox renders correct without props 1`] = `
<ReactFinalForm
  onSubmit={[Function]}
  render={[Function]}
/>
`;
