// Jest Snapshot v1, https://goo.gl/fbAQLP

exports[`Password field test Password renders correct without props 1`] = `
<input
  className="input-field input-field--dark"
  name="test_field"
  onBlur={[Function]}
  onChange={[Function]}
  onFocus={[Function]}
  placeholder=""
  type="password"
  value=""
/>
`;
