// Jest Snapshot v1, https://goo.gl/fbAQLP

exports[`Toggle field test Toggle renders correct without props 1`] = `
<button
  aria-checked={false}
  checked={false}
  className="toggle-field ant-switch"
  defaultChecked={true}
  onChange={[Function]}
  onClick={[Function]}
  onKeyDown={[Function]}
  onMouseUp={[Function]}
  role="switch"
  type="button"
>
  <span
    className="ant-switch-inner"
  />
</button>
`;
