// Jest Snapshot v1, https://goo.gl/fbAQLP

exports[`Slider field test Slider renders correct without props 1`] = `null`;
