// Jest Snapshot v1, https://goo.gl/fbAQLP

exports[`Latency chart test Renders correct with empty props 1`] = `
<div
  className=" d3-bar-chart-container app-tooltip"
  data-tooltip="⌜ Min: 0
⌟ Max: 0
◦ Avg: 0"
/>
`;
