// Jest Snapshot v1, https://goo.gl/fbAQLP

exports[`Polygon chart test Renders correct with right props 1`] = `
<Fragment>
  <canvas
    data-for="test"
    data-tip=""
    height={30}
    style={
      Object {
        "background": "transparent",
      }
    }
    width={300}
  />
  <ReactTooltip
    arrowColor="#3274d9"
    backgroundColor="#3274d9"
    className="sparkline-tooltip"
    clickable={false}
    data-qa="sparkline-tooltip"
    getContent={[Function]}
    id="test"
    insecure={true}
    place="bottom"
    resizeHide={true}
    wrapper="div"
  />
</Fragment>
`;
