// Jest Snapshot v1, https://goo.gl/fbAQLP

exports[`Filters test Renders correct with right props 1`] = `
<div>
  <div
    className="css-1lkrf7x"
  >
    <h5
      className="css-1n9a2zn"
    >
      Filters
    </h5>
    <button
      className="ant-btn css-x930nf ant-btn-link"
      disabled={false}
      onClick={[Function]}
      type="button"
    >
      <span>
        Show Selected
      </span>
    </button>
    <button
      className="ant-btn css-ym22kl ant-btn-link"
      disabled={false}
      id="reset-all-filters"
      onClick={[Function]}
      type="button"
    >
      <span>
        Reset All
      </span>
    </button>
  </div>
  <div />
</div>
`;
