// Jest Snapshot v1, https://goo.gl/fbAQLP

exports[`Select field test Select renders correct without props 1`] = `null`;
