// Jest Snapshot v1, https://goo.gl/fbAQLP

exports[`TextArea field test TextArea renders correct without props 1`] = `
<textarea
  className="input-field input-field--textarea input-field--dark"
  onBlur={[Function]}
  onChange={[Function]}
  onFocus={[Function]}
  rows={5}
  value=""
/>
`;
